[0m17:58:44.727493 [debug] [MainThread]: Sending event: {'category': 'dbt', 'action': 'invocation', 'label': 'start', 'context': [<snowplow_tracker.self_describing_json.SelfDescribingJson object at 0x00000194442E9BE0>, <snowplow_tracker.self_describing_json.SelfDescribingJson object at 0x0000019442A0F110>, <snowplow_tracker.self_describing_json.SelfDescribingJson object at 0x0000019447AC3890>]}


============================== 17:58:44.834322 | c3d6d856-231c-4284-987b-cc71e08c8786 ==============================
[0m17:58:44.834322 [info ] [MainThread]: Running with dbt=1.12.0
[0m17:58:44.834901 [debug] [MainThread]: running dbt with arguments {'static_parser': 'True', 'no_print': 'None', 'maximum_seed_size_mib': '1', 'target_path': 'None', 'warn_error_options': 'WarnErrorOptionsV2(error=[], warn=[], silence=[])', 'version_check': 'True', 'printer_width': '80', 'write_json': 'True', 'empty': 'None', 'log_cache_events': 'False', 'introspect': 'True', 'cache_selected_only': 'False', 'fail_fast': 'False', 'debug': 'False', 'log_format': 'default', 'profiles_dir': 'C:\\Users\\LENOVO\\.dbt', 'send_anonymous_usage_stats': 'True', 'quiet': 'False', 'warn_error': 'None', 'partial_parse': 'True', 'invocation_command': 'dbt init', 'hints_enabled': 'True', 'indirect_selection': 'eager', 'use_experimental_parser': 'False', 'use_colors': 'True', 'log_path': 'logs'}
[0m17:58:45.163928 [info ] [MainThread]: Creating dbt configuration folder at C:\Users\LENOVO\.dbt
[0m17:59:06.103955 [debug] [MainThread]: Starter project path: E:\AI\GIT\dbt_basics\.venv\Lib\site-packages\dbt\include\starter_project
[0m17:59:06.128766 [info ] [MainThread]: Setting up your profile.
[0m17:59:17.110311 [debug] [MainThread]: Spark adapter: Setting pyhive.hive logging to ERROR
[0m17:59:17.110701 [debug] [MainThread]: Spark adapter: Setting thrift.transport logging to ERROR
[0m17:59:17.110891 [debug] [MainThread]: Spark adapter: Setting thrift.protocol logging to ERROR
[0m18:12:58.037588 [info ] [MainThread]: Profile basic_project written to C:\Users\LENOVO\.dbt\profiles.yml using target's profile_template.yml and your supplied values.
[0m18:12:58.082483 [info ] [MainThread]: Running dbt debug to validate the project...
[0m18:12:58.083378 [info ] [MainThread]: dbt version: 1.12.0
[0m18:12:58.084020 [info ] [MainThread]: python version: 3.14.0
[0m18:12:58.084697 [info ] [MainThread]: python path: E:\AI\GIT\dbt_basics\.venv\Scripts\python.exe
[0m18:12:58.085103 [info ] [MainThread]: os info: Windows-11-10.0.26200-SP0
[0m18:12:58.146329 [info ] [MainThread]: Using profiles dir at C:\Users\LENOVO\.dbt
[0m18:12:58.146852 [info ] [MainThread]: Using profiles.yml file at C:\Users\LENOVO\.dbt\profiles.yml
[0m18:12:58.147274 [info ] [MainThread]: Using dbt_project.yml file at E:\AI\GIT\dbt_basics\basic_project\dbt_project.yml
[0m18:12:58.147722 [info ] [MainThread]: adapter type: databricks
[0m18:12:58.148033 [info ] [MainThread]: adapter version: 1.12.3
[0m18:12:58.219947 [info ] [MainThread]: Configuration:
[0m18:12:58.220703 [info ] [MainThread]:   profiles.yml file [[32mOK found and valid[0m]
[0m18:12:58.221174 [info ] [MainThread]:   dbt_project.yml file [[32mOK found and valid[0m]
[0m18:12:58.221510 [info ] [MainThread]: Required dependencies:
[0m18:12:58.221869 [debug] [MainThread]: Executing "git --help"
[0m18:12:58.261216 [debug] [MainThread]: STDOUT: "b"usage: git [-v | --version] [-h | --help] [-C <path>] [-c <name>=<value>]\n           [--exec-path[=<path>]] [--html-path] [--man-path] [--info-path]\n           [-p | --paginate | -P | --no-pager] [--no-replace-objects] [--no-lazy-fetch]\n           [--no-optional-locks] [--no-advice] [--bare] [--git-dir=<path>]\n           [--work-tree=<path>] [--namespace=<name>] [--config-env=<name>=<envvar>]\n           <command> [<args>]\n\nThese are common Git commands used in various situations:\n\nstart a working area (see also: git help tutorial)\n   clone      Clone a repository into a new directory\n   init       Create an empty Git repository or reinitialize an existing one\n\nwork on the current change (see also: git help everyday)\n   add        Add file contents to the index\n   mv         Move or rename a file, a directory, or a symlink\n   restore    Restore working tree files\n   rm         Remove files from the working tree and from the index\n\nexamine the history and state (see also: git help revisions)\n   bisect     Use binary search to find the commit that introduced a bug\n   diff       Show changes between commits, commit and working tree, etc\n   grep       Print lines matching a pattern\n   log        Show commit logs\n   show       Show various types of objects\n   status     Show the working tree status\n\ngrow, mark and tweak your common history\n   backfill   Download missing objects in a partial clone\n   branch     List, create, or delete branches\n   commit     Record changes to the repository\n   merge      Join two or more development histories together\n   rebase     Reapply commits on top of another base tip\n   reset      Reset current HEAD to the specified state\n   switch     Switch branches\n   tag        Create, list, delete or verify tags\n\ncollaborate (see also: git help workflows)\n   fetch      Download objects and refs from another repository\n   pull       Fetch from and integrate with another repository or a local branch\n   push       Update remote refs along with associated objects\n\n'git help -a' and 'git help -g' list available subcommands and some\nconcept guides. See 'git help <command>' or 'git help <concept>'\nto read about a specific subcommand or concept.\nSee 'git help git' for an overview of the system.\n""
[0m18:12:58.261600 [debug] [MainThread]: STDERR: "b''"
[0m18:12:58.261800 [info ] [MainThread]:  - git [[32mOK found[0m]

[0m18:12:58.262162 [info ] [MainThread]: Connection:
[0m18:12:58.262571 [info ] [MainThread]:   host: dbc-9b86b73e-4153.cloud.databricks.com
[0m18:12:58.262909 [info ] [MainThread]:   http_path: /sql/1.0/warehouses/eb6214cf12f8bb6a
[0m18:12:58.263102 [info ] [MainThread]:   catalog: dbt_dev
[0m18:12:58.263292 [info ] [MainThread]:   schema: default
[0m18:12:58.263641 [info ] [MainThread]: Registered adapter: databricks=1.12.3
[0m18:12:58.482976 [debug] [MainThread]: Databricks adapter: DatabricksDBTConnection(session-id=None, name=debug) - Creating connection
[0m18:12:58.483258 [debug] [MainThread]: Acquiring new databricks connection 'debug'
[0m18:12:59.933745 [info ] [MainThread]: Databricks adapter:   SPOG host (host_type='workspace'): no
[0m18:12:59.934258 [info ] [MainThread]: Databricks adapter:   workspace_id (from ?o= in http_path): None
[0m18:12:59.934721 [info ] [MainThread]: Databricks adapter:   databricks-sql-connector version: 4.3.0 (supported)
[0m18:12:59.935124 [info ] [MainThread]: Databricks adapter:   databricks-sdk version: 0.117.0 (supported)
[0m18:12:59.935513 [debug] [MainThread]: Using databricks connection "debug"
[0m18:12:59.935784 [debug] [MainThread]: On debug: select 1 as id
[0m18:12:59.936036 [debug] [MainThread]: Opening a new connection, currently in state init
[0m18:13:03.614838 [debug] [MainThread]: Databricks adapter: Connection(session-id=01f193ef-db2e-15e6-801c-bd672ed83384) - Created
[0m18:13:13.826888 [debug] [MainThread]: SQL status: OK in 13.890 seconds
[0m18:13:13.828113 [debug] [MainThread]: Databricks adapter: Cursor(session-id=01f193ef-db2e-15e6-801c-bd672ed83384, command-id=01f193ef-dc19-12ba-a771-83cf702cddc0) - Closing
[0m18:13:14.258822 [debug] [MainThread]: On debug: Close
[0m18:13:14.259287 [debug] [MainThread]: Databricks adapter: Connection(session-id=01f193ef-db2e-15e6-801c-bd672ed83384) - Closing
[0m18:13:14.574917 [info ] [MainThread]:   Connection test: [[32mOK connection ok[0m]

[0m18:13:14.575313 [info ] [MainThread]: [32mAll checks passed![0m
[0m18:13:14.575623 [info ] [MainThread]: Your new dbt project "basic_project" was created!
Initialized new project in E:\AI\GIT\dbt_basics\basic_project\basic_project

For more information on how to configure the profiles.yml file,
please consult the dbt documentation here:

  https://docs.getdbt.com/docs/configure-your-profile

One more thing:

Need help? Don't hesitate to reach out to us via GitHub issues or on Slack:

  https://community.getdbt.com/

Happy modeling!

[0m18:13:14.576550 [debug] [MainThread]: Command `dbt init` succeeded at 18:13:14.576423 after 870.04 seconds
[0m18:13:14.576979 [debug] [MainThread]: Sending event: {'category': 'dbt', 'action': 'invocation', 'label': 'end', 'context': [<snowplow_tracker.self_describing_json.SelfDescribingJson object at 0x0000019446904D60>, <snowplow_tracker.self_describing_json.SelfDescribingJson object at 0x000001946C7AD130>, <snowplow_tracker.self_describing_json.SelfDescribingJson object at 0x000001946C9D7CE0>]}
[0m18:13:14.577286 [debug] [MainThread]: Flushing usage events
[0m18:13:15.862319 [debug] [MainThread]: An error was encountered while trying to flush usage events
[0m18:15:47.910454 [debug] [MainThread]: Sending event: {'category': 'dbt', 'action': 'invocation', 'label': 'start', 'context': [<snowplow_tracker.self_describing_json.SelfDescribingJson object at 0x00000278FDFCD400>, <snowplow_tracker.self_describing_json.SelfDescribingJson object at 0x00000278FB8C8A50>, <snowplow_tracker.self_describing_json.SelfDescribingJson object at 0x00000278FF6A4CD0>]}


============================== 18:15:47.913696 | ed6ff89c-8a0a-4d70-b4ba-9299439d11c4 ==============================
[0m18:15:47.913696 [info ] [MainThread]: Running with dbt=1.12.0
[0m18:15:47.914284 [debug] [MainThread]: running dbt with arguments {'static_parser': 'True', 'no_print': 'None', 'maximum_seed_size_mib': '1', 'target_path': 'None', 'version_check': 'True', 'warn_error_options': 'WarnErrorOptionsV2(error=[], warn=[], silence=[])', 'printer_width': '80', 'write_json': 'True', 'empty': 'None', 'log_cache_events': 'False', 'introspect': 'True', 'cache_selected_only': 'False', 'log_format': 'default', 'debug': 'False', 'fail_fast': 'False', 'profiles_dir': 'C:\\Users\\LENOVO\\.dbt', 'send_anonymous_usage_stats': 'True', 'quiet': 'False', 'warn_error': 'None', 'partial_parse': 'True', 'invocation_command': 'dbt debug', 'hints_enabled': 'True', 'indirect_selection': 'eager', 'use_experimental_parser': 'False', 'use_colors': 'True', 'log_path': 'logs'}
[0m18:15:47.934365 [info ] [MainThread]: dbt version: 1.12.0
[0m18:15:47.934969 [info ] [MainThread]: python version: 3.14.0
[0m18:15:47.935344 [info ] [MainThread]: python path: E:\AI\GIT\dbt_basics\.venv\Scripts\python.exe
[0m18:15:47.935669 [info ] [MainThread]: os info: Windows-11-10.0.26200-SP0
[0m18:15:48.682514 [debug] [MainThread]: Spark adapter: Setting pyhive.hive logging to ERROR
[0m18:15:48.682912 [debug] [MainThread]: Spark adapter: Setting thrift.transport logging to ERROR
[0m18:15:48.683114 [debug] [MainThread]: Spark adapter: Setting thrift.protocol logging to ERROR
[0m18:15:49.276573 [info ] [MainThread]: Using profiles dir at C:\Users\LENOVO\.dbt
[0m18:15:49.277198 [info ] [MainThread]: Using profiles.yml file at C:\Users\LENOVO\.dbt\profiles.yml
[0m18:15:49.277740 [info ] [MainThread]: Using dbt_project.yml file at E:\AI\GIT\dbt_basics\dbt_project.yml
[0m18:15:49.278154 [info ] [MainThread]: adapter type: databricks
[0m18:15:49.278445 [info ] [MainThread]: adapter version: 1.12.3
[0m18:15:49.278689 [info ] [MainThread]: Configuration:
[0m18:15:49.278921 [info ] [MainThread]:   profiles.yml file [[32mOK found and valid[0m]
[0m18:15:49.279155 [info ] [MainThread]:   dbt_project.yml file [[31mERROR not found[0m]
[0m18:15:49.279375 [info ] [MainThread]: Required dependencies:
[0m18:15:49.279641 [debug] [MainThread]: Executing "git --help"
[0m18:15:49.324391 [debug] [MainThread]: STDOUT: "b"usage: git [-v | --version] [-h | --help] [-C <path>] [-c <name>=<value>]\n           [--exec-path[=<path>]] [--html-path] [--man-path] [--info-path]\n           [-p | --paginate | -P | --no-pager] [--no-replace-objects] [--no-lazy-fetch]\n           [--no-optional-locks] [--no-advice] [--bare] [--git-dir=<path>]\n           [--work-tree=<path>] [--namespace=<name>] [--config-env=<name>=<envvar>]\n           <command> [<args>]\n\nThese are common Git commands used in various situations:\n\nstart a working area (see also: git help tutorial)\n   clone      Clone a repository into a new directory\n   init       Create an empty Git repository or reinitialize an existing one\n\nwork on the current change (see also: git help everyday)\n   add        Add file contents to the index\n   mv         Move or rename a file, a directory, or a symlink\n   restore    Restore working tree files\n   rm         Remove files from the working tree and from the index\n\nexamine the history and state (see also: git help revisions)\n   bisect     Use binary search to find the commit that introduced a bug\n   diff       Show changes between commits, commit and working tree, etc\n   grep       Print lines matching a pattern\n   log        Show commit logs\n   show       Show various types of objects\n   status     Show the working tree status\n\ngrow, mark and tweak your common history\n   backfill   Download missing objects in a partial clone\n   branch     List, create, or delete branches\n   commit     Record changes to the repository\n   merge      Join two or more development histories together\n   rebase     Reapply commits on top of another base tip\n   reset      Reset current HEAD to the specified state\n   switch     Switch branches\n   tag        Create, list, delete or verify tags\n\ncollaborate (see also: git help workflows)\n   fetch      Download objects and refs from another repository\n   pull       Fetch from and integrate with another repository or a local branch\n   push       Update remote refs along with associated objects\n\n'git help -a' and 'git help -g' list available subcommands and some\nconcept guides. See 'git help <command>' or 'git help <concept>'\nto read about a specific subcommand or concept.\nSee 'git help git' for an overview of the system.\n""
[0m18:15:49.324956 [debug] [MainThread]: STDERR: "b''"
[0m18:15:49.325238 [info ] [MainThread]:  - git [[32mOK found[0m]

[0m18:15:49.325636 [info ] [MainThread]: Connection:
[0m18:15:49.326013 [info ] [MainThread]:   host: dbc-9b86b73e-4153.cloud.databricks.com
[0m18:15:49.326319 [info ] [MainThread]:   http_path: /sql/1.0/warehouses/eb6214cf12f8bb6a
[0m18:15:49.326746 [info ] [MainThread]:   catalog: dbt_dev
[0m18:15:49.327243 [info ] [MainThread]:   schema: default
[0m18:15:49.327822 [info ] [MainThread]: Registered adapter: databricks=1.12.3
[0m18:15:49.535875 [debug] [MainThread]: Databricks adapter: DatabricksDBTConnection(session-id=None, name=debug) - Creating connection
[0m18:15:49.536156 [debug] [MainThread]: Acquiring new databricks connection 'debug'
[0m18:15:50.801355 [info ] [MainThread]: Databricks adapter:   SPOG host (host_type='workspace'): no
[0m18:15:50.802005 [info ] [MainThread]: Databricks adapter:   workspace_id (from ?o= in http_path): None
[0m18:15:50.802417 [info ] [MainThread]: Databricks adapter:   databricks-sql-connector version: 4.3.0 (supported)
[0m18:15:50.802857 [info ] [MainThread]: Databricks adapter:   databricks-sdk version: 0.117.0 (supported)
[0m18:15:50.803567 [debug] [MainThread]: Using databricks connection "debug"
[0m18:15:50.803811 [debug] [MainThread]: On debug: select 1 as id
[0m18:15:50.803980 [debug] [MainThread]: Opening a new connection, currently in state init
[0m18:15:54.160979 [debug] [MainThread]: Databricks adapter: Connection(session-id=01f193f0-40f3-15f8-b253-98d5a5e3db0e) - Created
[0m18:15:54.769952 [debug] [MainThread]: SQL status: OK in 3.970 seconds
[0m18:15:54.770876 [debug] [MainThread]: Databricks adapter: Cursor(session-id=01f193f0-40f3-15f8-b253-98d5a5e3db0e, command-id=01f193f0-41bf-15dc-a8a6-e032a9a961bf) - Closing
[0m18:15:54.771259 [debug] [MainThread]: On debug: Close
[0m18:15:54.771435 [debug] [MainThread]: Databricks adapter: Connection(session-id=01f193f0-40f3-15f8-b253-98d5a5e3db0e) - Closing
[0m18:15:55.088175 [info ] [MainThread]:   Connection test: [[32mOK connection ok[0m]

[0m18:15:55.088848 [info ] [MainThread]: [31m1 check failed:[0m
[0m18:15:55.089227 [info ] [MainThread]: Project loading failed for the following reason:
 project path <E:\AI\GIT\dbt_basics\dbt_project.yml> not found

[0m18:15:55.089993 [debug] [MainThread]: Command `dbt debug` failed at 18:15:55.089882 after 7.38 seconds
[0m18:15:55.090362 [debug] [MainThread]: Sending event: {'category': 'dbt', 'action': 'invocation', 'label': 'end', 'context': [<snowplow_tracker.self_describing_json.SelfDescribingJson object at 0x00000278A51E5810>, <snowplow_tracker.self_describing_json.SelfDescribingJson object at 0x00000278A51CDFD0>, <snowplow_tracker.self_describing_json.SelfDescribingJson object at 0x00000278A520D260>]}
[0m18:15:55.090651 [debug] [MainThread]: Flushing usage events
[0m18:15:56.423973 [debug] [MainThread]: An error was encountered while trying to flush usage events
[0m21:15:01.617556 [debug] [MainThread]: Sending event: {'category': 'dbt', 'action': 'invocation', 'label': 'start', 'context': [<snowplow_tracker.self_describing_json.SelfDescribingJson object at 0x000002A8E8DFD400>, <snowplow_tracker.self_describing_json.SelfDescribingJson object at 0x000002A8E66E8A50>, <snowplow_tracker.self_describing_json.SelfDescribingJson object at 0x000002A8EB6C3890>]}


============================== 21:15:01.621583 | 8271db81-ff12-4d6d-853f-466e88aeabeb ==============================
[0m21:15:01.621583 [info ] [MainThread]: Running with dbt=1.12.0
[0m21:15:01.621968 [debug] [MainThread]: running dbt with arguments {'version_check': 'True', 'no_print': 'None', 'maximum_seed_size_mib': '1', 'warn_error_options': 'WarnErrorOptionsV2(error=[], warn=[], silence=[])', 'target_path': 'None', 'static_parser': 'True', 'printer_width': '80', 'write_json': 'True', 'empty': 'False', 'log_cache_events': 'False', 'introspect': 'True', 'cache_selected_only': 'False', 'fail_fast': 'False', 'debug': 'False', 'log_format': 'default', 'profiles_dir': 'C:\\Users\\LENOVO\\.dbt', 'send_anonymous_usage_stats': 'True', 'quiet': 'False', 'warn_error': 'None', 'partial_parse': 'True', 'use_colors': 'True', 'hints_enabled': 'True', 'invocation_command': 'dbt run', 'use_experimental_parser': 'False', 'indirect_selection': 'eager', 'log_path': 'logs'}
[0m21:15:01.622257 [error] [MainThread]: [[31mERROR[0m]: Encountered an error:
Runtime Error
  No dbt_project.yml found at expected path E:\AI\GIT\dbt_basics\dbt_project.yml
  Verify that each entry within packages.yml (and their transitive dependencies) contains a file named dbt_project.yml
  
[0m21:15:01.622748 [debug] [MainThread]: Command `dbt run` failed at 21:15:01.622680 after 0.24 seconds
[0m21:15:01.622951 [debug] [MainThread]: Sending event: {'category': 'dbt', 'action': 'invocation', 'label': 'end', 'context': [<snowplow_tracker.self_describing_json.SelfDescribingJson object at 0x000002A8EB768050>, <snowplow_tracker.self_describing_json.SelfDescribingJson object at 0x000002A8EB764050>, <snowplow_tracker.self_describing_json.SelfDescribingJson object at 0x000002A8EB6C9D00>]}
[0m21:15:01.623156 [debug] [MainThread]: Flushing usage events
[0m21:15:02.875808 [debug] [MainThread]: An error was encountered while trying to flush usage events
[0m23:38:14.675187 [debug] [MainThread]: Sending event: {'category': 'dbt', 'action': 'invocation', 'label': 'start', 'context': [<snowplow_tracker.self_describing_json.SelfDescribingJson object at 0x0000020CB98AD400>, <snowplow_tracker.self_describing_json.SelfDescribingJson object at 0x0000020CB7198A50>, <snowplow_tracker.self_describing_json.SelfDescribingJson object at 0x0000020CBC177890>]}


============================== 23:38:14.692585 | 734736c4-0aed-41de-aaf8-64899ff383bb ==============================
[0m23:38:14.692585 [info ] [MainThread]: Running with dbt=1.12.0
[0m23:38:14.693471 [debug] [MainThread]: running dbt with arguments {'static_parser': 'True', 'no_print': 'None', 'version_check': 'True', 'warn_error_options': 'WarnErrorOptionsV2(error=[], warn=[], silence=[])', 'maximum_seed_size_mib': '1', 'target_path': 'None', 'printer_width': '80', 'write_json': 'True', 'introspect': 'True', 'log_cache_events': 'False', 'empty': 'False', 'cache_selected_only': 'False', 'log_format': 'default', 'debug': 'False', 'fail_fast': 'False', 'partial_parse': 'True', 'send_anonymous_usage_stats': 'True', 'quiet': 'False', 'warn_error': 'None', 'profiles_dir': 'C:\\Users\\LENOVO\\.dbt', 'indirect_selection': 'eager', 'hints_enabled': 'True', 'invocation_command': 'dbt seed', 'use_experimental_parser': 'False', 'use_colors': 'True', 'log_path': 'logs'}
[0m23:38:14.694070 [error] [MainThread]: [[31mERROR[0m]: Encountered an error:
Runtime Error
  No dbt_project.yml found at expected path E:\AI\GIT\dbt_basics\dbt_project.yml
  Verify that each entry within packages.yml (and their transitive dependencies) contains a file named dbt_project.yml
  
[0m23:38:14.695076 [debug] [MainThread]: Command `dbt seed` failed at 23:38:14.694957 after 0.36 seconds
[0m23:38:14.695405 [debug] [MainThread]: Sending event: {'category': 'dbt', 'action': 'invocation', 'label': 'end', 'context': [<snowplow_tracker.self_describing_json.SelfDescribingJson object at 0x0000020CBC21C050>, <snowplow_tracker.self_describing_json.SelfDescribingJson object at 0x0000020CBC218050>, <snowplow_tracker.self_describing_json.SelfDescribingJson object at 0x0000020CBC17DD00>]}
[0m23:38:14.695708 [debug] [MainThread]: Flushing usage events
[0m23:38:16.135379 [debug] [MainThread]: An error was encountered while trying to flush usage events
[0m22:44:28.865160 [debug] [MainThread]: Sending event: {'category': 'dbt', 'action': 'invocation', 'label': 'start', 'context': [<snowplow_tracker.self_describing_json.SelfDescribingJson object at 0x000002828A84D400>, <snowplow_tracker.self_describing_json.SelfDescribingJson object at 0x0000028288148A50>, <snowplow_tracker.self_describing_json.SelfDescribingJson object at 0x000002828D113890>]}


============================== 22:44:28.872372 | 93720342-15de-4d1a-a10d-d1d0860ae6b0 ==============================
[0m22:44:28.872372 [info ] [MainThread]: Running with dbt=1.12.0
[0m22:44:28.873379 [debug] [MainThread]: running dbt with arguments {'maximum_seed_size_mib': '1', 'no_print': 'None', 'static_parser': 'True', 'target_path': 'None', 'warn_error_options': 'WarnErrorOptionsV2(error=[], warn=[], silence=[])', 'version_check': 'True', 'printer_width': '80', 'write_json': 'True', 'empty': 'False', 'log_cache_events': 'False', 'introspect': 'True', 'cache_selected_only': 'False', 'fail_fast': 'False', 'debug': 'False', 'log_format': 'default', 'profiles_dir': 'C:\\Users\\LENOVO\\.dbt', 'send_anonymous_usage_stats': 'True', 'quiet': 'False', 'warn_error': 'None', 'partial_parse': 'True', 'use_colors': 'True', 'hints_enabled': 'True', 'indirect_selection': 'eager', 'use_experimental_parser': 'False', 'invocation_command': 'dbt run --select ./gold/', 'log_path': 'logs'}
[0m22:44:28.873898 [error] [MainThread]: [[31mERROR[0m]: Encountered an error:
Runtime Error
  No dbt_project.yml found at expected path E:\AI\GIT\dbt_basics\dbt_project.yml
  Verify that each entry within packages.yml (and their transitive dependencies) contains a file named dbt_project.yml
  
[0m22:44:28.874831 [debug] [MainThread]: Command `dbt run` failed at 22:44:28.874713 after 0.34 seconds
[0m22:44:28.875169 [debug] [MainThread]: Sending event: {'category': 'dbt', 'action': 'invocation', 'label': 'end', 'context': [<snowplow_tracker.self_describing_json.SelfDescribingJson object at 0x000002828D1B8050>, <snowplow_tracker.self_describing_json.SelfDescribingJson object at 0x000002828D1B4050>, <snowplow_tracker.self_describing_json.SelfDescribingJson object at 0x000002828D119D00>]}
[0m22:44:28.875682 [debug] [MainThread]: Flushing usage events
[0m22:44:30.392425 [debug] [MainThread]: An error was encountered while trying to flush usage events
